MPLINK 5.09, LINKER
Linker Map File - Created Thu Oct 03 21:05:33 2024

                                 Section Info
                  Section       Type    Address   Location Size(Bytes)
                ---------  ---------  ---------  ---------  ---------
                   .org_0       code   0x000000    program   0x00006e
                   .cinit    romdata   0x00006e    program   0x000002
.config_300001_BUILD/DEFAULT/DEBUG/TEST.O    romdata   0x300001    program   0x000001
.config_300003_BUILD/DEFAULT/DEBUG/TEST.O    romdata   0x300003    program   0x000001



                              Program Memory Usage 
                               Start         End      
                           ---------   ---------      
                            0x000000    0x00006f      
                            0x300001    0x300001      
                            0x300003    0x300003      
            114 out of 33048 program addresses used, program memory utilization is 0%



                              Symbols - Sorted by Name
                     Name    Address   Location    Storage File                     
                ---------  ---------  ---------  --------- ---------                
                CheckHigh   0x000014    program     static C:\Users\jim93\MPLABXProjects\NCKU_MP_2024\lab03.X\test.asm
                 CheckLow   0x000028    program     static C:\Users\jim93\MPLABXProjects\NCKU_MP_2024\lab03.X\test.asm
                   Finish   0x00006c    program     static C:\Users\jim93\MPLABXProjects\NCKU_MP_2024\lab03.X\test.asm
                    Found   0x00003c    program     static C:\Users\jim93\MPLABXProjects\NCKU_MP_2024\lab03.X\test.asm
                    LOOP1   0x000046    program     static C:\Users\jim93\MPLABXProjects\NCKU_MP_2024\lab03.X\test.asm
                    LOOP2   0x000056    program     static C:\Users\jim93\MPLABXProjects\NCKU_MP_2024\lab03.X\test.asm



                              Symbols - Sorted by Address
                     Name    Address   Location    Storage File                     
                ---------  ---------  ---------  --------- ---------                
                CheckHigh   0x000014    program     static C:\Users\jim93\MPLABXProjects\NCKU_MP_2024\lab03.X\test.asm
                 CheckLow   0x000028    program     static C:\Users\jim93\MPLABXProjects\NCKU_MP_2024\lab03.X\test.asm
                    Found   0x00003c    program     static C:\Users\jim93\MPLABXProjects\NCKU_MP_2024\lab03.X\test.asm
                    LOOP1   0x000046    program     static C:\Users\jim93\MPLABXProjects\NCKU_MP_2024\lab03.X\test.asm
                    LOOP2   0x000056    program     static C:\Users\jim93\MPLABXProjects\NCKU_MP_2024\lab03.X\test.asm
                   Finish   0x00006c    program     static C:\Users\jim93\MPLABXProjects\NCKU_MP_2024\lab03.X\test.asm


