MPLINK 5.09, LINKER
Linker Map File - Created Thu Sep 26 14:30:48 2024

                                 Section Info
                  Section       Type    Address   Location Size(Bytes)
                ---------  ---------  ---------  ---------  ---------
                   .org_0       code   0x000000    program   0x00008a
                   .cinit    romdata   0x00008a    program   0x000002
.config_300001_BUILD/DEFAULT/DEBUG/TEST.O    romdata   0x300001    program   0x000001
.config_300003_BUILD/DEFAULT/DEBUG/TEST.O    romdata   0x300003    program   0x000001



                              Program Memory Usage 
                               Start         End      
                           ---------   ---------      
                            0x000000    0x00008b      
                            0x300001    0x300001      
                            0x300003    0x300003      
            142 out of 33048 program addresses used, program memory utilization is 0%



                              Symbols - Sorted by Name
                     Name    Address   Location    Storage File                     
                ---------  ---------  ---------  --------- ---------                
                    clear   0x000000    program     static C:\Users\jim93\MPLABXProjects\lab02.X\test.asm
                     done   0x000088    program     static C:\Users\jim93\MPLABXProjects\lab02.X\test.asm
                    iloop   0x000052    program     static C:\Users\jim93\MPLABXProjects\lab02.X\test.asm
               iloop_cont   0x000068    program     static C:\Users\jim93\MPLABXProjects\lab02.X\test.asm
                     init   0x00000e    program     static C:\Users\jim93\MPLABXProjects\lab02.X\test.asm
               init_iloop   0x00003a    program     static C:\Users\jim93\MPLABXProjects\lab02.X\test.asm
                  init_jp   0x000040    program     static C:\Users\jim93\MPLABXProjects\lab02.X\test.asm
               init_oloop   0x00002c    program     static C:\Users\jim93\MPLABXProjects\lab02.X\test.asm
                      mov   0x000048    program     static C:\Users\jim93\MPLABXProjects\lab02.X\test.asm
                 mov_cont   0x00004c    program     static C:\Users\jim93\MPLABXProjects\lab02.X\test.asm
                    movjp   0x000040    program     static C:\Users\jim93\MPLABXProjects\lab02.X\test.asm
                    oloop   0x00003a    program     static C:\Users\jim93\MPLABXProjects\lab02.X\test.asm
               oloop_cont   0x000078    program     static C:\Users\jim93\MPLABXProjects\lab02.X\test.asm
             swap_element   0x00005c    program     static C:\Users\jim93\MPLABXProjects\lab02.X\test.asm



                              Symbols - Sorted by Address
                     Name    Address   Location    Storage File                     
                ---------  ---------  ---------  --------- ---------                
                    clear   0x000000    program     static C:\Users\jim93\MPLABXProjects\lab02.X\test.asm
                     init   0x00000e    program     static C:\Users\jim93\MPLABXProjects\lab02.X\test.asm
               init_oloop   0x00002c    program     static C:\Users\jim93\MPLABXProjects\lab02.X\test.asm
               init_iloop   0x00003a    program     static C:\Users\jim93\MPLABXProjects\lab02.X\test.asm
                    oloop   0x00003a    program     static C:\Users\jim93\MPLABXProjects\lab02.X\test.asm
                  init_jp   0x000040    program     static C:\Users\jim93\MPLABXProjects\lab02.X\test.asm
                    movjp   0x000040    program     static C:\Users\jim93\MPLABXProjects\lab02.X\test.asm
                      mov   0x000048    program     static C:\Users\jim93\MPLABXProjects\lab02.X\test.asm
                 mov_cont   0x00004c    program     static C:\Users\jim93\MPLABXProjects\lab02.X\test.asm
                    iloop   0x000052    program     static C:\Users\jim93\MPLABXProjects\lab02.X\test.asm
             swap_element   0x00005c    program     static C:\Users\jim93\MPLABXProjects\lab02.X\test.asm
               iloop_cont   0x000068    program     static C:\Users\jim93\MPLABXProjects\lab02.X\test.asm
               oloop_cont   0x000078    program     static C:\Users\jim93\MPLABXProjects\lab02.X\test.asm
                     done   0x000088    program     static C:\Users\jim93\MPLABXProjects\lab02.X\test.asm


